[33mWARNING[0m:  [29-09-2026 20:34:07] chroma_server_nofile is set to 65535, but this is less than current soft limit of 1048576. chroma_server_nofile will not be set.
[32mINFO[0m:     [29-09-2026 20:34:07] Anonymized telemetry enabled. See                     https://docs.trychroma.com/telemetry for more information.
[36mDEBUG[0m:    [29-09-2026 20:34:07] Starting component System
[36mDEBUG[0m:    [29-09-2026 20:34:07] Starting component OpenTelemetryClient
[36mDEBUG[0m:    [29-09-2026 20:34:07] Starting component SqliteDB
[36mDEBUG[0m:    [29-09-2026 20:34:07] Starting component SimpleQuotaEnforcer
[36mDEBUG[0m:    [29-09-2026 20:34:07] Starting component Posthog
[36mDEBUG[0m:    [29-09-2026 20:34:07] Starting component SimpleRateLimitEnforcer
[36mDEBUG[0m:    [29-09-2026 20:34:07] Starting component LocalSegmentManager
[36mDEBUG[0m:    [29-09-2026 20:34:07] Starting component LocalExecutor
[36mDEBUG[0m:    [29-09-2026 20:34:07] Starting component SegmentAPI
[31mERROR[0m:    [29-09-2026 20:34:07] Failed to send telemetry event ServerStartEvent: capture() takes 1 positional argument but 3 were given
[32mINFO[0m:     [29-09-2026 20:34:07] Started server process [[36m531744[0m]
[32mINFO[0m:     [29-09-2026 20:34:07] Waiting for application startup.
[32mINFO[0m:     [29-09-2026 20:34:07] Application startup complete.
[32mINFO[0m:     [29-09-2026 20:34:07] Uvicorn running on [1mhttp://localhost:8000[0m (Press CTRL+C to quit)
[32mINFO[0m:     [29-09-2026 20:34:11] 127.0.0.1:36580 - "GET / HTTP/1.1" 404
[32mINFO[0m:     [29-09-2026 20:34:11] 127.0.0.1:36580 - "GET /favicon.ico HTTP/1.1" 404
[32mINFO[0m:     [29-09-2026 20:58:32] 127.0.0.1:44056 - "GET /api/docs/ HTTP/1.1" 404
[32mINFO[0m:     [29-09-2026 20:58:35] 127.0.0.1:44056 - "GET / HTTP/1.1" 404
[33mWARNING[0m:  [29-09-2026 21:00:21] chroma_server_nofile is set to 65535, but this is less than current soft limit of 1048576. chroma_server_nofile will not be set.
[32mINFO[0m:     [29-09-2026 21:00:21] Anonymized telemetry enabled. See                     https://docs.trychroma.com/telemetry for more information.
[36mDEBUG[0m:    [29-09-2026 21:00:21] Starting component System
[36mDEBUG[0m:    [29-09-2026 21:00:21] Starting component OpenTelemetryClient
[36mDEBUG[0m:    [29-09-2026 21:00:21] Starting component SqliteDB
[36mDEBUG[0m:    [29-09-2026 21:00:21] Starting component SimpleQuotaEnforcer
[36mDEBUG[0m:    [29-09-2026 21:00:21] Starting component Posthog
[36mDEBUG[0m:    [29-09-2026 21:00:21] Starting component SimpleRateLimitEnforcer
[36mDEBUG[0m:    [29-09-2026 21:00:21] Starting component LocalSegmentManager
[36mDEBUG[0m:    [29-09-2026 21:00:21] Starting component LocalExecutor
[36mDEBUG[0m:    [29-09-2026 21:00:21] Starting component SegmentAPI
[31mERROR[0m:    [29-09-2026 21:00:21] Failed to send telemetry event ServerStartEvent: capture() takes 1 positional argument but 3 were given
[32mINFO[0m:     [29-09-2026 21:00:22] Started server process [[36m562030[0m]
[32mINFO[0m:     [29-09-2026 21:00:22] Waiting for application startup.
[32mINFO[0m:     [29-09-2026 21:00:22] Application startup complete.
[31mERROR[0m:    [29-09-2026 21:00:22] [Errno 98] error while attempting to bind on address ('127.0.0.1', 8000): address already in use
[32mINFO[0m:     [29-09-2026 21:00:22] Waiting for application shutdown.
[36mDEBUG[0m:    [29-09-2026 21:00:22] Stopping component System
[36mDEBUG[0m:    [29-09-2026 21:00:22] Stopping component SegmentAPI
[36mDEBUG[0m:    [29-09-2026 21:00:22] Stopping component LocalExecutor
[36mDEBUG[0m:    [29-09-2026 21:00:22] Stopping component LocalSegmentManager
[36mDEBUG[0m:    [29-09-2026 21:00:22] Stopping component SimpleRateLimitEnforcer
[36mDEBUG[0m:    [29-09-2026 21:00:22] Stopping component Posthog
[36mDEBUG[0m:    [29-09-2026 21:00:22] Stopping component SimpleQuotaEnforcer
[36mDEBUG[0m:    [29-09-2026 21:00:22] Stopping component SqliteDB
[36mDEBUG[0m:    [29-09-2026 21:00:22] Stopping component OpenTelemetryClient
[32mINFO[0m:     [29-09-2026 21:00:22] Application shutdown complete.
[33mWARNING[0m:  [29-09-2026 21:00:48] chroma_server_nofile is set to 65535, but this is less than current soft limit of 1048576. chroma_server_nofile will not be set.
[32mINFO[0m:     [29-09-2026 21:00:48] Anonymized telemetry enabled. See                     https://docs.trychroma.com/telemetry for more information.
[36mDEBUG[0m:    [29-09-2026 21:00:48] Starting component System
[36mDEBUG[0m:    [29-09-2026 21:00:48] Starting component OpenTelemetryClient
[36mDEBUG[0m:    [29-09-2026 21:00:48] Starting component SqliteDB
[36mDEBUG[0m:    [29-09-2026 21:00:48] Starting component SimpleQuotaEnforcer
[36mDEBUG[0m:    [29-09-2026 21:00:48] Starting component Posthog
[36mDEBUG[0m:    [29-09-2026 21:00:48] Starting component SimpleRateLimitEnforcer
[36mDEBUG[0m:    [29-09-2026 21:00:48] Starting component LocalSegmentManager
[36mDEBUG[0m:    [29-09-2026 21:00:48] Starting component LocalExecutor
[36mDEBUG[0m:    [29-09-2026 21:00:48] Starting component SegmentAPI
[31mERROR[0m:    [29-09-2026 21:00:48] Failed to send telemetry event ServerStartEvent: capture() takes 1 positional argument but 3 were given
[32mINFO[0m:     [29-09-2026 21:00:48] Started server process [[36m562490[0m]
[32mINFO[0m:     [29-09-2026 21:00:48] Waiting for application startup.
[32mINFO[0m:     [29-09-2026 21:00:48] Application startup complete.
[32mINFO[0m:     [29-09-2026 21:00:48] Uvicorn running on [1mhttp://localhost:8001[0m (Press CTRL+C to quit)
[32mINFO[0m:     [29-09-2026 21:00:52] 127.0.0.1:55998 - "GET / HTTP/1.1" 404
[32mINFO[0m:     [29-09-2026 21:00:52] 127.0.0.1:55998 - "GET /favicon.ico HTTP/1.1" 404
[32mINFO[0m:     [29-09-2026 21:00:55] 127.0.0.1:55998 - "GET / HTTP/1.1" 404
[32mINFO[0m:     [29-09-2026 21:00:56] 127.0.0.1:55998 - "GET / HTTP/1.1" 404
[32mINFO[0m:     [29-09-2026 21:03:15] Shutting down
[32mINFO[0m:     [29-09-2026 21:03:16] Waiting for application shutdown.
[36mDEBUG[0m:    [29-09-2026 21:03:16] Stopping component System
[36mDEBUG[0m:    [29-09-2026 21:03:16] Stopping component SegmentAPI
[36mDEBUG[0m:    [29-09-2026 21:03:16] Stopping component LocalExecutor
[36mDEBUG[0m:    [29-09-2026 21:03:16] Stopping component LocalSegmentManager
[36mDEBUG[0m:    [29-09-2026 21:03:16] Stopping component SimpleRateLimitEnforcer
[36mDEBUG[0m:    [29-09-2026 21:03:16] Stopping component Posthog
[36mDEBUG[0m:    [29-09-2026 21:03:16] Stopping component SimpleQuotaEnforcer
[36mDEBUG[0m:    [29-09-2026 21:03:16] Stopping component SqliteDB
[36mDEBUG[0m:    [29-09-2026 21:03:16] Stopping component OpenTelemetryClient
[32mINFO[0m:     [29-09-2026 21:03:16] Application shutdown complete.
[32mINFO[0m:     [29-09-2026 21:03:16] Finished server process [[36m531744[0m]
[33mWARNING[0m:  [29-09-2026 21:03:17] chroma_server_nofile is set to 65535, but this is less than current soft limit of 1048576. chroma_server_nofile will not be set.
[32mINFO[0m:     [29-09-2026 21:03:17] Anonymized telemetry enabled. See                     https://docs.trychroma.com/telemetry for more information.
[36mDEBUG[0m:    [29-09-2026 21:03:17] Starting component System
[36mDEBUG[0m:    [29-09-2026 21:03:17] Starting component OpenTelemetryClient
[36mDEBUG[0m:    [29-09-2026 21:03:17] Starting component SqliteDB
[36mDEBUG[0m:    [29-09-2026 21:03:17] Starting component SimpleQuotaEnforcer
[36mDEBUG[0m:    [29-09-2026 21:03:17] Starting component Posthog
[36mDEBUG[0m:    [29-09-2026 21:03:17] Starting component SimpleRateLimitEnforcer
[36mDEBUG[0m:    [29-09-2026 21:03:17] Starting component LocalSegmentManager
[36mDEBUG[0m:    [29-09-2026 21:03:17] Starting component LocalExecutor
[36mDEBUG[0m:    [29-09-2026 21:03:17] Starting component SegmentAPI
[31mERROR[0m:    [29-09-2026 21:03:17] Failed to send telemetry event ServerStartEvent: capture() takes 1 positional argument but 3 were given
[32mINFO[0m:     [29-09-2026 21:03:17] Started server process [[36m565472[0m]
[32mINFO[0m:     [29-09-2026 21:03:17] Waiting for application startup.
[32mINFO[0m:     [29-09-2026 21:03:17] Application startup complete.
[32mINFO[0m:     [29-09-2026 21:03:17] Uvicorn running on [1mhttp://localhost:8000[0m (Press CTRL+C to quit)
[32mINFO[0m:     [29-09-2026 21:03:21] 127.0.0.1:36870 - "GET / HTTP/1.1" 404
[32mINFO[0m:     [29-09-2026 21:03:23] 127.0.0.1:36870 - "GET / HTTP/1.1" 404
[32mINFO[0m:     [29-09-2026 21:03:26] Shutting down
[32mINFO[0m:     [29-09-2026 21:03:26] Waiting for application shutdown.
[36mDEBUG[0m:    [29-09-2026 21:03:26] Stopping component System
[36mDEBUG[0m:    [29-09-2026 21:03:26] Stopping component SegmentAPI
[36mDEBUG[0m:    [29-09-2026 21:03:26] Stopping component LocalExecutor
[36mDEBUG[0m:    [29-09-2026 21:03:26] Stopping component LocalSegmentManager
[36mDEBUG[0m:    [29-09-2026 21:03:26] Stopping component SimpleRateLimitEnforcer
[36mDEBUG[0m:    [29-09-2026 21:03:26] Stopping component Posthog
[36mDEBUG[0m:    [29-09-2026 21:03:26] Stopping component SimpleQuotaEnforcer
[36mDEBUG[0m:    [29-09-2026 21:03:26] Stopping component SqliteDB
[36mDEBUG[0m:    [29-09-2026 21:03:26] Stopping component OpenTelemetryClient
[32mINFO[0m:     [29-09-2026 21:03:26] Application shutdown complete.
[32mINFO[0m:     [29-09-2026 21:03:26] Finished server process [[36m565472[0m]
[33mWARNING[0m:  [29-09-2026 21:03:30] chroma_server_nofile is set to 65535, but this is less than current soft limit of 1048576. chroma_server_nofile will not be set.
[32mINFO[0m:     [29-09-2026 21:03:30] Anonymized telemetry enabled. See                     https://docs.trychroma.com/telemetry for more information.
[36mDEBUG[0m:    [29-09-2026 21:03:30] Starting component System
[36mDEBUG[0m:    [29-09-2026 21:03:30] Starting component OpenTelemetryClient
[36mDEBUG[0m:    [29-09-2026 21:03:30] Starting component SqliteDB
[36mDEBUG[0m:    [29-09-2026 21:03:30] Starting component SimpleQuotaEnforcer
[36mDEBUG[0m:    [29-09-2026 21:03:30] Starting component Posthog
[36mDEBUG[0m:    [29-09-2026 21:03:30] Starting component SimpleRateLimitEnforcer
[36mDEBUG[0m:    [29-09-2026 21:03:30] Starting component LocalSegmentManager
[36mDEBUG[0m:    [29-09-2026 21:03:30] Starting component LocalExecutor
[36mDEBUG[0m:    [29-09-2026 21:03:30] Starting component SegmentAPI
[31mERROR[0m:    [29-09-2026 21:03:31] Failed to send telemetry event ServerStartEvent: capture() takes 1 positional argument but 3 were given
[32mINFO[0m:     [29-09-2026 21:03:31] Started server process [[36m565901[0m]
[32mINFO[0m:     [29-09-2026 21:03:31] Waiting for application startup.
[32mINFO[0m:     [29-09-2026 21:03:31] Application startup complete.
[32mINFO[0m:     [29-09-2026 21:03:31] Uvicorn running on [1mhttp://localhost:8001[0m (Press CTRL+C to quit)
[32mINFO[0m:     [29-09-2026 21:03:37] 127.0.0.1:51616 - "GET / HTTP/1.1" 404
[32mINFO[0m:     [29-09-2026 21:03:39] 127.0.0.1:51616 - "GET / HTTP/1.1" 404
[32mINFO[0m:     [29-09-2026 21:03:40] 127.0.0.1:51616 - "GET / HTTP/1.1" 404
[32mINFO[0m:     [29-09-2026 21:03:40] 127.0.0.1:51616 - "GET / HTTP/1.1" 404
[32mINFO[0m:     [29-09-2026 21:03:40] 127.0.0.1:51616 - "GET / HTTP/1.1" 404
[32mINFO[0m:     [29-09-2026 21:03:40] 127.0.0.1:51616 - "GET / HTTP/1.1" 404
[32mINFO[0m:     [29-09-2026 21:03:41] 127.0.0.1:51616 - "GET / HTTP/1.1" 404
[32mINFO[0m:     [29-09-2026 21:09:40] Shutting down
[32mINFO[0m:     [29-09-2026 21:09:40] Waiting for application shutdown.
[36mDEBUG[0m:    [29-09-2026 21:09:40] Stopping component System
[36mDEBUG[0m:    [29-09-2026 21:09:40] Stopping component SegmentAPI
[36mDEBUG[0m:    [29-09-2026 21:09:40] Stopping component LocalExecutor
[36mDEBUG[0m:    [29-09-2026 21:09:40] Stopping component LocalSegmentManager
[36mDEBUG[0m:    [29-09-2026 21:09:40] Stopping component SimpleRateLimitEnforcer
[36mDEBUG[0m:    [29-09-2026 21:09:40] Stopping component Posthog
[36mDEBUG[0m:    [29-09-2026 21:09:40] Stopping component SimpleQuotaEnforcer
[36mDEBUG[0m:    [29-09-2026 21:09:40] Stopping component SqliteDB
[36mDEBUG[0m:    [29-09-2026 21:09:40] Stopping component OpenTelemetryClient
[32mINFO[0m:     [29-09-2026 21:09:40] Application shutdown complete.
[32mINFO[0m:     [29-09-2026 21:09:40] Finished server process [[36m565901[0m]
